// Jest Snapshot v1, https://goo.gl/fbAQLP

exports[`produces expected output 1`] = `
".one { color: pink; } /* keep */

@media (min-width: 80px) {
  .one { color: orange; } /* keep */
}

:first-letter { color: pink; }

body .three { background: black; } /* keep */
.two > .two-inner { color: yellow; } /* keep */
input { color: white; } /* keep */

[disabled] { color: gray; } /* keep */
*:not([disabled]) { color: orangutan; } /* keep */
#two[type=\\"text\\"] { display: none; } /* keep */
"
`;
